%!Adobe-FontList 1.13
%Locale:0x40a

%BeginFont
Handler:DirectoryHandler
FontType:Invalid
OutlineFileName:C:\AppServ\www\Order_Print\Font\courier.php
FileModTime:1308421128
%EndFont

%BeginFont
Handler:DirectoryHandler
FontType:Invalid
OutlineFileName:C:\AppServ\www\Order_Print\Font\courierb.php
FileModTime:1308421128
%EndFont

%BeginFont
Handler:DirectoryHandler
FontType:Invalid
OutlineFileName:C:\AppServ\www\Order_Print\Font\courierbi.php
FileModTime:1308421100
%EndFont

%BeginFont
Handler:DirectoryHandler
FontType:Invalid
OutlineFileName:C:\AppServ\www\Order_Print\Font\courieri.php
FileModTime:1308421100
%EndFont

%BeginFont
Handler:DirectoryHandler
FontType:Invalid
OutlineFileName:C:\AppServ\www\Order_Print\Font\helvetica.php
FileModTime:1308421128
%EndFont

%BeginFont
Handler:DirectoryHandler
FontType:Invalid
OutlineFileName:C:\AppServ\www\Order_Print\Font\helveticab.php
FileModTime:1308421128
%EndFont

%BeginFont
Handler:DirectoryHandler
FontType:Invalid
OutlineFileName:C:\AppServ\www\Order_Print\Font\helveticabi.php
FileModTime:1308421100
%EndFont

%BeginFont
Handler:DirectoryHandler
FontType:Invalid
OutlineFileName:C:\AppServ\www\Order_Print\Font\helveticai.php
FileModTime:1308421128
%EndFont

%BeginFont
Handler:DirectoryHandler
FontType:Invalid
OutlineFileName:C:\AppServ\www\Order_Print\Font\symbol.php
FileModTime:1308421100
%EndFont

%BeginFont
Handler:DirectoryHandler
FontType:Invalid
OutlineFileName:C:\AppServ\www\Order_Print\Font\times.php
FileModTime:1308421100
%EndFont

%BeginFont
Handler:DirectoryHandler
FontType:Invalid
OutlineFileName:C:\AppServ\www\Order_Print\Font\timesb.php
FileModTime:1308421128
%EndFont

%BeginFont
Handler:DirectoryHandler
FontType:Invalid
OutlineFileName:C:\AppServ\www\Order_Print\Font\timesbi.php
FileModTime:1308421128
%EndFont

%BeginFont
Handler:DirectoryHandler
FontType:Invalid
OutlineFileName:C:\AppServ\www\Order_Print\Font\timesi.php
FileModTime:1308421128
%EndFont

%BeginFont
Handler:DirectoryHandler
FontType:Invalid
OutlineFileName:C:\AppServ\www\Order_Print\Font\zapfdingbats.php
FileModTime:1308421128
%EndFont

